*** EVALUATION ***
PROGRAM "C:\Users\nnishika\Downloads\Lab6-3\lab6_3\bin\Project.abs"

*********************************************************************************************
TARGET SECTION
---------------------------------------------------------------------------------------------
Processor   : Freescale HC12
Memory Model: SMALL
File Format : ELF\DWARF 2.0
Linker      : SmartLinker V-5.0.40 Build 10203, Jul 23 2010

*********************************************************************************************
FILE SECTION
---------------------------------------------------------------------------------------------
lcddisp.c.o                             Model: SMALL,         Lang: ANSI-C
mc9s12e128.c.o                          Model: SMALL,         Lang: ANSI-C
potentiometer.c.o                       Model: SMALL,         Lang: ANSI-C
SendsChr.c.o                            Model: SMALL,         Lang: ANSI-C
SPEAKER_12_8_400.asm.o                  Model: SMALL,         Lang: Assembler
KEYPAD_12_8_400.asm.o                   Model: SMALL,         Lang: Assembler
INITIALIZATION_12_8_400.asm.o           Model: SMALL,         Lang: Assembler
FINALMAIN_12_8_400.asm.o                Model: SMALL,         Lang: Assembler
CLEARSTRING_12_6_950pm.asm.o            Model: SMALL,         Lang: Assembler
LED_LIGHTING_12_8_400.asm.o             Model: SMALL,         Lang: Assembler
HARVESTATION_12_8_400.asm.o             Model: SMALL,         Lang: Assembler

*********************************************************************************************
STARTUP SECTION
---------------------------------------------------------------------------------------------
Entry point: 0xC000 (Entry)

*********************************************************************************************
SECTION-ALLOCATION SECTION
Section Name                    Size  Type     From       To       Segment
---------------------------------------------------------------------------------------------
.init                           1907     R     0xC000     0xC772   ROM_C000
NON_BANKED                       301     R     0xC773     0xC89F   ROM_C000
.stack                           256   R/W      0x400      0x4FF   RAM
.abs_section_8                     1   N/I        0x8        0x8   .absSeg0
.abs_section_9                     1   N/I        0x9        0x9   .absSeg1
.abs_section_a                     1   N/I        0xA        0xA   .absSeg2
.abs_section_b                     1   N/I        0xB        0xB   .absSeg3
.abs_section_c                     1   N/I        0xC        0xC   .absSeg4
.abs_section_d                     1   N/I        0xD        0xD   .absSeg5
.abs_section_e                     1   N/I        0xE        0xE   .absSeg6
.abs_section_10                    1   N/I       0x10       0x10   .absSeg7
.abs_section_11                    1   N/I       0x11       0x11   .absSeg8
.abs_section_13                    1   N/I       0x13       0x13   .absSeg9
.abs_section_15                    1   N/I       0x15       0x15   .absSeg10
.abs_section_16                    1   N/I       0x16       0x16   .absSeg11
.abs_section_19                    1   N/I       0x19       0x19   .absSeg12
.abs_section_1c                    1   N/I       0x1C       0x1C   .absSeg13
.abs_section_1d                    1   N/I       0x1D       0x1D   .absSeg14
.abs_section_1e                    1   N/I       0x1E       0x1E   .absSeg15
.abs_section_1f                    1   N/I       0x1F       0x1F   .absSeg16
.abs_section_20                    1   N/I       0x20       0x20   .absSeg17
.abs_section_21                    1   N/I       0x21       0x21   .absSeg18
.abs_section_24                    1   N/I       0x24       0x24   .absSeg19
.abs_section_25                    1   N/I       0x25       0x25   .absSeg20
.abs_section_28                    1   N/I       0x28       0x28   .absSeg21
.abs_section_29                    1   N/I       0x29       0x29   .absSeg22
.abs_section_2a                    1   N/I       0x2A       0x2A   .absSeg23
.abs_section_2d                    1   N/I       0x2D       0x2D   .absSeg24
.abs_section_30                    1   N/I       0x30       0x30   .absSeg25
.abs_section_32                    1   N/I       0x32       0x32   .absSeg26
.abs_section_33                    1   N/I       0x33       0x33   .absSeg27
.abs_section_34                    1   N/I       0x34       0x34   .absSeg28
.abs_section_35                    1   N/I       0x35       0x35   .absSeg29
.abs_section_37                    1   N/I       0x37       0x37   .absSeg30
.abs_section_38                    1   N/I       0x38       0x38   .absSeg31
.abs_section_39                    1   N/I       0x39       0x39   .absSeg32
.abs_section_3a                    1   N/I       0x3A       0x3A   .absSeg33
.abs_section_3b                    1   N/I       0x3B       0x3B   .absSeg34
.abs_section_3c                    1   N/I       0x3C       0x3C   .absSeg35
.abs_section_3f                    1   N/I       0x3F       0x3F   .absSeg36
.abs_section_40                    1   N/I       0x40       0x40   .absSeg37
.abs_section_41                    1   N/I       0x41       0x41   .absSeg38
.abs_section_42                    1   N/I       0x42       0x42   .absSeg39
.abs_section_43                    1   N/I       0x43       0x43   .absSeg40
.abs_section_46                    1   N/I       0x46       0x46   .absSeg41
.abs_section_47                    1   N/I       0x47       0x47   .absSeg42
.abs_section_48                    1   N/I       0x48       0x48   .absSeg43
.abs_section_4a                    1   N/I       0x4A       0x4A   .absSeg44
.abs_section_4c                    1   N/I       0x4C       0x4C   .absSeg45
.abs_section_4d                    1   N/I       0x4D       0x4D   .absSeg46
.abs_section_4e                    1   N/I       0x4E       0x4E   .absSeg47
.abs_section_4f                    1   N/I       0x4F       0x4F   .absSeg48
.abs_section_60                    1   N/I       0x60       0x60   .absSeg49
.abs_section_61                    1   N/I       0x61       0x61   .absSeg50
.abs_section_86                    1   N/I       0x86       0x86   .absSeg51
.abs_section_89                    1   N/I       0x89       0x89   .absSeg52
.abs_section_8a                    1   N/I       0x8A       0x8A   .absSeg53
.abs_section_8b                    1   N/I       0x8B       0x8B   .absSeg54
.abs_section_8e                    1   N/I       0x8E       0x8E   .absSeg55
.abs_section_8f                    1   N/I       0x8F       0x8F   .absSeg56
.abs_section_ca                    1   N/I       0xCA       0xCA   .absSeg57
.abs_section_cb                    1   N/I       0xCB       0xCB   .absSeg58
.abs_section_cc                    1   N/I       0xCC       0xCC   .absSeg59
.abs_section_cd                    1   N/I       0xCD       0xCD   .absSeg60
.abs_section_ce                    1   N/I       0xCE       0xCE   .absSeg61
.abs_section_cf                    1   N/I       0xCF       0xCF   .absSeg62
.abs_section_d2                    1   N/I       0xD2       0xD2   .absSeg63
.abs_section_d3                    1   N/I       0xD3       0xD3   .absSeg64
.abs_section_d4                    1   N/I       0xD4       0xD4   .absSeg65
.abs_section_d5                    1   N/I       0xD5       0xD5   .absSeg66
.abs_section_d6                    1   N/I       0xD6       0xD6   .absSeg67
.abs_section_d7                    1   N/I       0xD7       0xD7   .absSeg68
.abs_section_d8                    1   N/I       0xD8       0xD8   .absSeg69
.abs_section_d9                    1   N/I       0xD9       0xD9   .absSeg70
.abs_section_da                    1   N/I       0xDA       0xDA   .absSeg71
.abs_section_db                    1   N/I       0xDB       0xDB   .absSeg72
.abs_section_dd                    1   N/I       0xDD       0xDD   .absSeg73
.abs_section_e0                    1   N/I       0xE0       0xE0   .absSeg74
.abs_section_e1                    1   N/I       0xE1       0xE1   .absSeg75
.abs_section_e2                    1   N/I       0xE2       0xE2   .absSeg76
.abs_section_e3                    1   N/I       0xE3       0xE3   .absSeg77
.abs_section_e4                    1   N/I       0xE4       0xE4   .absSeg78
.abs_section_ea                    1   N/I       0xEA       0xEA   .absSeg79
.abs_section_eb                    1   N/I       0xEB       0xEB   .absSeg80
.abs_section_ec                    1   N/I       0xEC       0xEC   .absSeg81
.abs_section_ed                    1   N/I       0xED       0xED   .absSeg82
.abs_section_ee                    1   N/I       0xEE       0xEE   .absSeg83
.abs_section_ef                    1   N/I       0xEF       0xEF   .absSeg84
.abs_section_f0                    1   N/I       0xF0       0xF0   .absSeg85
.abs_section_f2                    1   N/I       0xF2       0xF2   .absSeg86
.abs_section_f3                    1   N/I       0xF3       0xF3   .absSeg87
.abs_section_f4                    1   N/I       0xF4       0xF4   .absSeg88
.abs_section_f6                    1   N/I       0xF6       0xF6   .absSeg89
.abs_section_f7                    1   N/I       0xF7       0xF7   .absSeg90
.abs_section_100                   1   N/I      0x100      0x100   .absSeg91
.abs_section_101                   1   N/I      0x101      0x101   .absSeg92
.abs_section_103                   1   N/I      0x103      0x103   .absSeg93
.abs_section_104                   1   N/I      0x104      0x104   .absSeg94
.abs_section_105                   1   N/I      0x105      0x105   .absSeg95
.abs_section_106                   1   N/I      0x106      0x106   .absSeg96
.abs_section_140                   1   N/I      0x140      0x140   .absSeg97
.abs_section_141                   1   N/I      0x141      0x141   .absSeg98
.abs_section_142                   1   N/I      0x142      0x142   .absSeg99
.abs_section_143                   1   N/I      0x143      0x143   .absSeg100
.abs_section_146                   1   N/I      0x146      0x146   .absSeg101
.abs_section_147                   1   N/I      0x147      0x147   .absSeg102
.abs_section_148                   1   N/I      0x148      0x148   .absSeg103
.abs_section_14a                   1   N/I      0x14A      0x14A   .absSeg104
.abs_section_14c                   1   N/I      0x14C      0x14C   .absSeg105
.abs_section_14d                   1   N/I      0x14D      0x14D   .absSeg106
.abs_section_14e                   1   N/I      0x14E      0x14E   .absSeg107
.abs_section_14f                   1   N/I      0x14F      0x14F   .absSeg108
.abs_section_160                   1   N/I      0x160      0x160   .absSeg109
.abs_section_161                   1   N/I      0x161      0x161   .absSeg110
.abs_section_180                   1   N/I      0x180      0x180   .absSeg111
.abs_section_181                   1   N/I      0x181      0x181   .absSeg112
.abs_section_182                   1   N/I      0x182      0x182   .absSeg113
.abs_section_183                   1   N/I      0x183      0x183   .absSeg114
.abs_section_186                   1   N/I      0x186      0x186   .absSeg115
.abs_section_187                   1   N/I      0x187      0x187   .absSeg116
.abs_section_188                   1   N/I      0x188      0x188   .absSeg117
.abs_section_18a                   1   N/I      0x18A      0x18A   .absSeg118
.abs_section_18c                   1   N/I      0x18C      0x18C   .absSeg119
.abs_section_18d                   1   N/I      0x18D      0x18D   .absSeg120
.abs_section_18e                   1   N/I      0x18E      0x18E   .absSeg121
.abs_section_18f                   1   N/I      0x18F      0x18F   .absSeg122
.abs_section_1a0                   1   N/I      0x1A0      0x1A0   .absSeg123
.abs_section_1a1                   1   N/I      0x1A1      0x1A1   .absSeg124
.abs_section_1e0                   1   N/I      0x1E0      0x1E0   .absSeg125
.abs_section_1e1                   1   N/I      0x1E1      0x1E1   .absSeg126
.abs_section_1e2                   1   N/I      0x1E2      0x1E2   .absSeg127
.abs_section_1e3                   1   N/I      0x1E3      0x1E3   .absSeg128
.abs_section_1e4                   1   N/I      0x1E4      0x1E4   .absSeg129
.abs_section_1e5                   1   N/I      0x1E5      0x1E5   .absSeg130
.abs_section_1e8                   1   N/I      0x1E8      0x1E8   .absSeg131
.abs_section_1e9                   1   N/I      0x1E9      0x1E9   .absSeg132
.abs_section_1fe                   1   N/I      0x1FE      0x1FE   .absSeg133
.abs_section_200                   1   N/I      0x200      0x200   .absSeg134
.abs_section_201                   1   N/I      0x201      0x201   .absSeg135
.abs_section_202                   1   N/I      0x202      0x202   .absSeg136
.abs_section_203                   1   N/I      0x203      0x203   .absSeg137
.abs_section_204                   1   N/I      0x204      0x204   .absSeg138
.abs_section_205                   1   N/I      0x205      0x205   .absSeg139
.abs_section_206                   1   N/I      0x206      0x206   .absSeg140
.abs_section_207                   1   N/I      0x207      0x207   .absSeg141
.abs_section_208                   1   N/I      0x208      0x208   .absSeg142
.abs_section_209                   1   N/I      0x209      0x209   .absSeg143
.abs_section_20a                   1   N/I      0x20A      0x20A   .absSeg144
.abs_section_20c                   1   N/I      0x20C      0x20C   .absSeg145
.abs_section_20d                   1   N/I      0x20D      0x20D   .absSeg146
.abs_section_20e                   1   N/I      0x20E      0x20E   .absSeg147
.abs_section_20f                   1   N/I      0x20F      0x20F   .absSeg148
.abs_section_220                   1   N/I      0x220      0x220   .absSeg149
.abs_section_221                   1   N/I      0x221      0x221   .absSeg150
.abs_section_228                   1   N/I      0x228      0x228   .absSeg151
.abs_section_229                   1   N/I      0x229      0x229   .absSeg152
.abs_section_230                   1   N/I      0x230      0x230   .absSeg153
.abs_section_231                   1   N/I      0x231      0x231   .absSeg154
.abs_section_240                   1   N/I      0x240      0x240   .absSeg155
.abs_section_241                   1   N/I      0x241      0x241   .absSeg156
.abs_section_242                   1   N/I      0x242      0x242   .absSeg157
.abs_section_243                   1   N/I      0x243      0x243   .absSeg158
.abs_section_244                   1   N/I      0x244      0x244   .absSeg159
.abs_section_245                   1   N/I      0x245      0x245   .absSeg160
.abs_section_248                   1   N/I      0x248      0x248   .absSeg161
.abs_section_249                   1   N/I      0x249      0x249   .absSeg162
.abs_section_24a                   1   N/I      0x24A      0x24A   .absSeg163
.abs_section_24b                   1   N/I      0x24B      0x24B   .absSeg164
.abs_section_24c                   1   N/I      0x24C      0x24C   .absSeg165
.abs_section_24d                   1   N/I      0x24D      0x24D   .absSeg166
.abs_section_24e                   1   N/I      0x24E      0x24E   .absSeg167
.abs_section_250                   1   N/I      0x250      0x250   .absSeg168
.abs_section_251                   1   N/I      0x251      0x251   .absSeg169
.abs_section_252                   1   N/I      0x252      0x252   .absSeg170
.abs_section_253                   1   N/I      0x253      0x253   .absSeg171
.abs_section_254                   1   N/I      0x254      0x254   .absSeg172
.abs_section_255                   1   N/I      0x255      0x255   .absSeg173
.abs_section_256                   1   N/I      0x256      0x256   .absSeg174
.abs_section_258                   1   N/I      0x258      0x258   .absSeg175
.abs_section_259                   1   N/I      0x259      0x259   .absSeg176
.abs_section_25a                   1   N/I      0x25A      0x25A   .absSeg177
.abs_section_25b                   1   N/I      0x25B      0x25B   .absSeg178
.abs_section_25c                   1   N/I      0x25C      0x25C   .absSeg179
.abs_section_25d                   1   N/I      0x25D      0x25D   .absSeg180
.abs_section_260                   1   N/I      0x260      0x260   .absSeg181
.abs_section_261                   1   N/I      0x261      0x261   .absSeg182
.abs_section_262                   1   N/I      0x262      0x262   .absSeg183
.abs_section_263                   1   N/I      0x263      0x263   .absSeg184
.abs_section_264                   1   N/I      0x264      0x264   .absSeg185
.abs_section_265                   1   N/I      0x265      0x265   .absSeg186
.abs_section_268                   1   N/I      0x268      0x268   .absSeg187
.abs_section_269                   1   N/I      0x269      0x269   .absSeg188
.abs_section_26a                   1   N/I      0x26A      0x26A   .absSeg189
.abs_section_26b                   1   N/I      0x26B      0x26B   .absSeg190
.abs_section_26c                   1   N/I      0x26C      0x26C   .absSeg191
.abs_section_26d                   1   N/I      0x26D      0x26D   .absSeg192
.abs_section_26e                   1   N/I      0x26E      0x26E   .absSeg193
.abs_section_0                     2   N/I        0x0        0x1   .absSeg194
.abs_section_2                     2   N/I        0x2        0x3   .absSeg195
.abs_section_1a                    2   N/I       0x1A       0x1B   .absSeg196
.abs_section_22                    2   N/I       0x22       0x23   .absSeg197
.abs_section_26                    2   N/I       0x26       0x27   .absSeg198
.abs_section_2b                    2   N/I       0x2B       0x2C   .absSeg199
.abs_section_2e                    2   N/I       0x2E       0x2F   .absSeg200
.abs_section_44                    2   N/I       0x44       0x45   .absSeg201
.abs_section_58                    2   N/I       0x58       0x59   .absSeg202
.abs_section_5a                    2   N/I       0x5A       0x5B   .absSeg203
.abs_section_5c                    2   N/I       0x5C       0x5D   .absSeg204
.abs_section_5e                    2   N/I       0x5E       0x5F   .absSeg205
.abs_section_62                    2   N/I       0x62       0x63   .absSeg206
.abs_section_82                    2   N/I       0x82       0x83   .absSeg207
.abs_section_84                    2   N/I       0x84       0x85   .absSeg208
.abs_section_8c                    2   N/I       0x8C       0x8D   .absSeg209
.abs_section_90                    2   N/I       0x90       0x91   .absSeg210
.abs_section_92                    2   N/I       0x92       0x93   .absSeg211
.abs_section_94                    2   N/I       0x94       0x95   .absSeg212
.abs_section_96                    2   N/I       0x96       0x97   .absSeg213
.abs_section_98                    2   N/I       0x98       0x99   .absSeg214
.abs_section_9a                    2   N/I       0x9A       0x9B   .absSeg215
.abs_section_9c                    2   N/I       0x9C       0x9D   .absSeg216
.abs_section_9e                    2   N/I       0x9E       0x9F   .absSeg217
.abs_section_a0                    2   N/I       0xA0       0xA1   .absSeg218
.abs_section_a2                    2   N/I       0xA2       0xA3   .absSeg219
.abs_section_a4                    2   N/I       0xA4       0xA5   .absSeg220
.abs_section_a6                    2   N/I       0xA6       0xA7   .absSeg221
.abs_section_a8                    2   N/I       0xA8       0xA9   .absSeg222
.abs_section_aa                    2   N/I       0xAA       0xAB   .absSeg223
.abs_section_ac                    2   N/I       0xAC       0xAD   .absSeg224
.abs_section_ae                    2   N/I       0xAE       0xAF   .absSeg225
.abs_section_c8                    2   N/I       0xC8       0xC9   .absSeg226
.abs_section_d0                    2   N/I       0xD0       0xD1   .absSeg227
.abs_section_e8                    2   N/I       0xE8       0xE9   .absSeg228
.abs_section_144                   2   N/I      0x144      0x145   .absSeg229
.abs_section_158                   2   N/I      0x158      0x159   .absSeg230
.abs_section_15a                   2   N/I      0x15A      0x15B   .absSeg231
.abs_section_15c                   2   N/I      0x15C      0x15D   .absSeg232
.abs_section_15e                   2   N/I      0x15E      0x15F   .absSeg233
.abs_section_162                   2   N/I      0x162      0x163   .absSeg234
.abs_section_184                   2   N/I      0x184      0x185   .absSeg235
.abs_section_198                   2   N/I      0x198      0x199   .absSeg236
.abs_section_19a                   2   N/I      0x19A      0x19B   .absSeg237
.abs_section_19c                   2   N/I      0x19C      0x19D   .absSeg238
.abs_section_19e                   2   N/I      0x19E      0x19F   .absSeg239
.abs_section_1a2                   2   N/I      0x1A2      0x1A3   .absSeg240
.abs_section_1ec                   2   N/I      0x1EC      0x1ED   .absSeg241
.abs_section_1ee                   2   N/I      0x1EE      0x1EF   .absSeg242
.abs_section_1f0                   2   N/I      0x1F0      0x1F1   .absSeg243
.abs_section_1f2                   2   N/I      0x1F2      0x1F3   .absSeg244
.abs_section_1f4                   2   N/I      0x1F4      0x1F5   .absSeg245
.abs_section_1f6                   2   N/I      0x1F6      0x1F7   .absSeg246
.abs_section_1f8                   2   N/I      0x1F8      0x1F9   .absSeg247
.abs_section_1fa                   2   N/I      0x1FA      0x1FB   .absSeg248
.abs_section_1fc                   2   N/I      0x1FC      0x1FD   .absSeg249
.abs_section_210                   2   N/I      0x210      0x211   .absSeg250
.abs_section_212                   2   N/I      0x212      0x213   .absSeg251
.abs_section_214                   2   N/I      0x214      0x215   .absSeg252
.abs_section_216                   2   N/I      0x216      0x217   .absSeg253
.abs_section_218                   2   N/I      0x218      0x219   .absSeg254
.abs_section_21a                   2   N/I      0x21A      0x21B   .absSeg255
.abs_section_222                   2   N/I      0x222      0x223   .absSeg256
.abs_section_224                   2   N/I      0x224      0x225   .absSeg257
.abs_section_226                   2   N/I      0x226      0x227   .absSeg258
.abs_section_22a                   2   N/I      0x22A      0x22B   .absSeg259
.abs_section_22c                   2   N/I      0x22C      0x22D   .absSeg260
.abs_section_22e                   2   N/I      0x22E      0x22F   .absSeg261
.abs_section_232                   2   N/I      0x232      0x233   .absSeg262
.abs_section_234                   2   N/I      0x234      0x235   .absSeg263
.abs_section_236                   2   N/I      0x236      0x237   .absSeg264
.abs_section_270                   2   N/I      0x270      0x271   .absSeg265
.abs_section_272                   2   N/I      0x272      0x273   .absSeg266
.abs_section_274                   2   N/I      0x274      0x275   .absSeg267
.abs_section_276                   2   N/I      0x276      0x277   .absSeg268
.abs_section_278                   2   N/I      0x278      0x279   .absSeg269
.abs_section_27a                   2   N/I      0x27A      0x27B   .absSeg270
.abs_section_27c                   2   N/I      0x27C      0x27D   .absSeg271
.abs_section_27e                   2   N/I      0x27E      0x27F   .absSeg272
.bss                               6   R/W      0x500      0x505   RAM
.common                            2   R/W      0x506      0x507   RAM
MyCode                           931     R     0xC8A0     0xCC42   ROM_C000
MY_RAM                            78   R/W      0x508      0x555   RAM
My_Constants                      22     R     0xCC43     0xCC58   ROM_C000
My_Variables                       2   R/W      0x556      0x557   RAM
MY_ROM                           917     R     0xCC59     0xCFED   ROM_C000
LED_LIGHTING_12_8_400.asm._SEC000000        126     R     0xCFEE     0xD06B   ROM_C000
.vectSeg273_vect                   4     R     0xFFF0     0xFFF3   .vectSeg273
.vectSeg274_vect                   2     R     0xFFFE     0xFFFF   .vectSeg274

Summary of section sizes per section type:
READ_ONLY (R):        1072 (dec:     4210)
READ_WRITE (R/W):      158 (dec:      344)
NO_INIT (N/I):         160 (dec:      352)

*********************************************************************************************
VECTOR-ALLOCATION SECTION
    Address     InitValue   InitFunction
---------------------------------------------------------------------------------------------
     0xFFF0        0xC350   RTI_ISR
     0xFFF2        0xC68E   IRQ_PEST
     0xFFFE        0xC000   Entry

*********************************************************************************************
OBJECT-ALLOCATION SECTION
     Name               Module                 Addr   hSize   dSize     Ref    Section   RLIB
---------------------------------------------------------------------------------------------
MODULE:                 -- lcddisp.c.o --
- PROCEDURES:
     delay_ms                                  C773      17      23       5   NON_BANKED  
     init_LCD                                  C78A      52      82       1   NON_BANKED  
     display_string                            C7DC      38      56      35   NON_BANKED  
     Delay                                     C814      1F      31       1   NON_BANKED  
     epulse                                    C833      24      36       3   NON_BANKED  
     sendCommand                               C857       F      15       7   NON_BANKED  
- VARIABLES:
     data                                       500       2       2       4   .bss        
MODULE:                 -- mc9s12e128.c.o --
- PROCEDURES:
- VARIABLES:
     _PORTE                                       8       1       1       0   .abs_section_8
     _DDRE                                        9       1       1       0   .abs_section_9
     _PEAR                                        A       1       1       0   .abs_section_a
     _MODE                                        B       1       1       0   .abs_section_b
     _PUCR                                        C       1       1       0   .abs_section_c
     _RDRIV                                       D       1       1       0   .abs_section_d
     _EBICTL                                      E       1       1       0   .abs_section_e
     _INITRM                                     10       1       1       0   .abs_section_10
     _INITRG                                     11       1       1       0   .abs_section_11
     _MISC                                       13       1       1       0   .abs_section_13
     _ITCR                                       15       1       1       0   .abs_section_15
     _ITEST                                      16       1       1       0   .abs_section_16
     _VREGCTRL                                   19       1       1       0   .abs_section_19
     _MEMSIZ0                                    1C       1       1       0   .abs_section_1c
     _MEMSIZ1                                    1D       1       1       0   .abs_section_1d
     _INTCR                                      1E       1       1       0   .abs_section_1e
     _HPRIO                                      1F       1       1       0   .abs_section_1f
     _DBGC1                                      20       1       1       0   .abs_section_20
     _DBGSC                                      21       1       1       0   .abs_section_21
     _DBGCNT                                     24       1       1       0   .abs_section_24
     _DBGCCX                                     25       1       1       0   .abs_section_25
     _DBGC2                                      28       1       1       0   .abs_section_28
     _DBGC3                                      29       1       1       0   .abs_section_29
     _DBGCAX                                     2A       1       1       0   .abs_section_2a
     _DBGCBX                                     2D       1       1       0   .abs_section_2d
     _PPAGE                                      30       1       1       0   .abs_section_30
     _PORTK                                      32       1       1       0   .abs_section_32
     _DDRK                                       33       1       1       0   .abs_section_33
     _SYNR                                       34       1       1       0   .abs_section_34
     _REFDV                                      35       1       1       0   .abs_section_35
     _CRGFLG                                     37       1       1       0   .abs_section_37
     _CRGINT                                     38       1       1       0   .abs_section_38
     _CLKSEL                                     39       1       1       0   .abs_section_39
     _PLLCTL                                     3A       1       1       0   .abs_section_3a
     _RTICTL                                     3B       1       1       0   .abs_section_3b
     _COPCTL                                     3C       1       1       0   .abs_section_3c
     _ARMCOP                                     3F       1       1       0   .abs_section_3f
     _TIM0_TIOS                                  40       1       1       0   .abs_section_40
     _TIM0_CFORC                                 41       1       1       0   .abs_section_41
     _TIM0_OC7M                                  42       1       1       0   .abs_section_42
     _TIM0_OC7D                                  43       1       1       0   .abs_section_43
     _TIM0_TSCR1                                 46       1       1       0   .abs_section_46
     _TIM0_TTOV                                  47       1       1       0   .abs_section_47
     _TIM0_TCTL1                                 48       1       1       0   .abs_section_48
     _TIM0_TCTL3                                 4A       1       1       0   .abs_section_4a
     _TIM0_TIE                                   4C       1       1       0   .abs_section_4c
     _TIM0_TSCR2                                 4D       1       1       0   .abs_section_4d
     _TIM0_TFLG1                                 4E       1       1       0   .abs_section_4e
     _TIM0_TFLG2                                 4F       1       1       0   .abs_section_4f
     _TIM0_PACTL                                 60       1       1       0   .abs_section_60
     _TIM0_PAFLG                                 61       1       1       0   .abs_section_61
     _ATDSTAT0                                   86       1       1       1   .abs_section_86
     _ATDTEST1                                   89       1       1       0   .abs_section_89
     _ATDSTAT2                                   8A       1       1       0   .abs_section_8a
     _ATDSTAT1                                   8B       1       1       0   .abs_section_8b
     _PORTAD0                                    8E       1       1       0   .abs_section_8e
     _PORTAD1                                    8F       1       1       0   .abs_section_8f
     _SCI0CR1                                    CA       1       1       0   .abs_section_ca
     _SCI0CR2                                    CB       1       1       0   .abs_section_cb
     _SCI0SR1                                    CC       1       1       0   .abs_section_cc
     _SCI0SR2                                    CD       1       1       0   .abs_section_cd
     _SCI0DRH                                    CE       1       1       0   .abs_section_ce
     _SCI0DRL                                    CF       1       1       0   .abs_section_cf
     _SCI1CR1                                    D2       1       1       0   .abs_section_d2
     _SCI1CR2                                    D3       1       1       0   .abs_section_d3
     _SCI1SR1                                    D4       1       1       0   .abs_section_d4
     _SCI1SR2                                    D5       1       1       0   .abs_section_d5
     _SCI1DRH                                    D6       1       1       0   .abs_section_d6
     _SCI1DRL                                    D7       1       1       0   .abs_section_d7
     _SPICR1                                     D8       1       1       0   .abs_section_d8
     _SPICR2                                     D9       1       1       0   .abs_section_d9
     _SPIBR                                      DA       1       1       0   .abs_section_da
     _SPISR                                      DB       1       1       0   .abs_section_db
     _SPIDR                                      DD       1       1       0   .abs_section_dd
     _IBAD                                       E0       1       1       0   .abs_section_e0
     _IBFD                                       E1       1       1       0   .abs_section_e1
     _IBCR                                       E2       1       1       0   .abs_section_e2
     _IBSR                                       E3       1       1       0   .abs_section_e3
     _IBDR                                       E4       1       1       0   .abs_section_e4
     _SCI2CR1                                    EA       1       1       0   .abs_section_ea
     _SCI2CR2                                    EB       1       1       0   .abs_section_eb
     _SCI2SR1                                    EC       1       1       0   .abs_section_ec
     _SCI2SR2                                    ED       1       1       0   .abs_section_ed
     _SCI2DRH                                    EE       1       1       0   .abs_section_ee
     _SCI2DRL                                    EF       1       1       0   .abs_section_ef
     _DAC0_DACC0                                 F0       1       1       0   .abs_section_f0
     _DAC0_DACDLeft                              F2       1       1       0   .abs_section_f2
     _DAC0_DACDRight                             F3       1       1       0   .abs_section_f3
     _DAC1_DACC0                                 F4       1       1       0   .abs_section_f4
     _DAC1_DACDLeft                              F6       1       1       0   .abs_section_f6
     _DAC1_DACDRight                             F7       1       1       0   .abs_section_f7
     _FCLKDIV                                   100       1       1       0   .abs_section_100
     _FSEC                                      101       1       1       0   .abs_section_101
     _FCNFG                                     103       1       1       0   .abs_section_103
     _FPROT                                     104       1       1       0   .abs_section_104
     _FSTAT                                     105       1       1       0   .abs_section_105
     _FCMD                                      106       1       1       0   .abs_section_106
     _TIM1_TIOS                                 140       1       1       0   .abs_section_140
     _TIM1_CFORC                                141       1       1       0   .abs_section_141
     _TIM1_OC7M                                 142       1       1       0   .abs_section_142
     _TIM1_OC7D                                 143       1       1       0   .abs_section_143
     _TIM1_TSCR1                                146       1       1       0   .abs_section_146
     _TIM1_TTOV                                 147       1       1       0   .abs_section_147
     _TIM1_TCTL1                                148       1       1       0   .abs_section_148
     _TIM1_TCTL3                                14A       1       1       0   .abs_section_14a
     _TIM1_TIE                                  14C       1       1       0   .abs_section_14c
     _TIM1_TSCR2                                14D       1       1       0   .abs_section_14d
     _TIM1_TFLG1                                14E       1       1       0   .abs_section_14e
     _TIM1_TFLG2                                14F       1       1       0   .abs_section_14f
     _TIM1_PACTL                                160       1       1       0   .abs_section_160
     _TIM1_PAFLG                                161       1       1       0   .abs_section_161
     _TIM2_TIOS                                 180       1       1       0   .abs_section_180
     _TIM2_CFORC                                181       1       1       0   .abs_section_181
     _TIM2_OC7M                                 182       1       1       0   .abs_section_182
     _TIM2_OC7D                                 183       1       1       0   .abs_section_183
     _TIM2_TSCR1                                186       1       1       0   .abs_section_186
     _TIM2_TTOV                                 187       1       1       0   .abs_section_187
     _TIM2_TCTL1                                188       1       1       0   .abs_section_188
     _TIM2_TCTL3                                18A       1       1       0   .abs_section_18a
     _TIM2_TIE                                  18C       1       1       0   .abs_section_18c
     _TIM2_TSCR2                                18D       1       1       0   .abs_section_18d
     _TIM2_TFLG1                                18E       1       1       0   .abs_section_18e
     _TIM2_TFLG2                                18F       1       1       0   .abs_section_18f
     _TIM2_PACTL                                1A0       1       1       0   .abs_section_1a0
     _TIM2_PAFLG                                1A1       1       1       0   .abs_section_1a1
     _PWME                                      1E0       1       1       0   .abs_section_1e0
     _PWMPOL                                    1E1       1       1       0   .abs_section_1e1
     _PWMCLK                                    1E2       1       1       0   .abs_section_1e2
     _PWMPRCLK                                  1E3       1       1       0   .abs_section_1e3
     _PWMCAE                                    1E4       1       1       0   .abs_section_1e4
     _PWMCTL                                    1E5       1       1       0   .abs_section_1e5
     _PWMSCLA                                   1E8       1       1       0   .abs_section_1e8
     _PWMSCLB                                   1E9       1       1       0   .abs_section_1e9
     _PWMSDN                                    1FE       1       1       0   .abs_section_1fe
     _PMFCFG0                                   200       1       1       0   .abs_section_200
     _PMFCFG1                                   201       1       1       0   .abs_section_201
     _PMFCFG2                                   202       1       1       0   .abs_section_202
     _PMFCFG3                                   203       1       1       0   .abs_section_203
     _PMFFCTL                                   204       1       1       0   .abs_section_204
     _PMFFPIN                                   205       1       1       0   .abs_section_205
     _PMFFSTA                                   206       1       1       0   .abs_section_206
     _PMFQSMP                                   207       1       1       0   .abs_section_207
     _PMFDMPA                                   208       1       1       0   .abs_section_208
     _PMFDMPB                                   209       1       1       0   .abs_section_209
     _PMFDMPC                                   20A       1       1       0   .abs_section_20a
     _PMFOUTC                                   20C       1       1       0   .abs_section_20c
     _PMFOUTB                                   20D       1       1       0   .abs_section_20d
     _PMFDTMS                                   20E       1       1       0   .abs_section_20e
     _PMFCCTL                                   20F       1       1       0   .abs_section_20f
     _PMFENCA                                   220       1       1       0   .abs_section_220
     _PMFFQCA                                   221       1       1       0   .abs_section_221
     _PMFENCB                                   228       1       1       0   .abs_section_228
     _PMFFQCB                                   229       1       1       0   .abs_section_229
     _PMFENCC                                   230       1       1       0   .abs_section_230
     _PMFFQCC                                   231       1       1       0   .abs_section_231
     _PTT                                       240       1       1       2   .abs_section_240
     _PTIT                                      241       1       1       0   .abs_section_241
     _DDRT                                      242       1       1       0   .abs_section_242
     _RDRT                                      243       1       1       0   .abs_section_243
     _PERT                                      244       1       1       0   .abs_section_244
     _PPST                                      245       1       1       0   .abs_section_245
     _PTS                                       248       1       1       0   .abs_section_248
     _PTIS                                      249       1       1       0   .abs_section_249
     _DDRS                                      24A       1       1       0   .abs_section_24a
     _RDRS                                      24B       1       1       0   .abs_section_24b
     _PERS                                      24C       1       1       0   .abs_section_24c
     _PPSS                                      24D       1       1       0   .abs_section_24d
     _WOMS                                      24E       1       1       0   .abs_section_24e
     _PTM                                       250       1       1       5   .abs_section_250
     _PTIM                                      251       1       1       0   .abs_section_251
     _DDRM                                      252       1       1       1   .abs_section_252
     _RDRM                                      253       1       1       0   .abs_section_253
     _PERM                                      254       1       1       0   .abs_section_254
     _PPSM                                      255       1       1       0   .abs_section_255
     _WOMM                                      256       1       1       0   .abs_section_256
     _PTP                                       258       1       1       0   .abs_section_258
     _PTIP                                      259       1       1       0   .abs_section_259
     _DDRP                                      25A       1       1       0   .abs_section_25a
     _RDRP                                      25B       1       1       0   .abs_section_25b
     _PERP                                      25C       1       1       0   .abs_section_25c
     _PPSP                                      25D       1       1       0   .abs_section_25d
     _PTQ                                       260       1       1       0   .abs_section_260
     _PTIQ                                      261       1       1       0   .abs_section_261
     _DDRQ                                      262       1       1       0   .abs_section_262
     _RDRQ                                      263       1       1       0   .abs_section_263
     _PERQ                                      264       1       1       0   .abs_section_264
     _PPSQ                                      265       1       1       0   .abs_section_265
     _PTU                                       268       1       1       0   .abs_section_268
     _PTIU                                      269       1       1       0   .abs_section_269
     _DDRU                                      26A       1       1       0   .abs_section_26a
     _RDRU                                      26B       1       1       0   .abs_section_26b
     _PERU                                      26C       1       1       0   .abs_section_26c
     _PPSU                                      26D       1       1       0   .abs_section_26d
     _MODRR                                     26E       1       1       0   .abs_section_26e
     _PORTAB                                      0       2       2       0   .abs_section_0
     _DDRAB                                       2       2       2       0   .abs_section_2
     _PARTID                                     1A       2       2       0   .abs_section_1a
     _DBGTB                                      22       2       2       0   .abs_section_22
     _DBGCC                                      26       2       2       0   .abs_section_26
     _DBGCA                                      2B       2       2       0   .abs_section_2b
     _DBGCB                                      2E       2       2       0   .abs_section_2e
     _TIM0_TCNT                                  44       2       2       0   .abs_section_44
     _TIM0_TC4                                   58       2       2       0   .abs_section_58
     _TIM0_TC5                                   5A       2       2       0   .abs_section_5a
     _TIM0_TC6                                   5C       2       2       0   .abs_section_5c
     _TIM0_TC7                                   5E       2       2       0   .abs_section_5e
     _TIM0_PACNT                                 62       2       2       0   .abs_section_62
     _ATDCTL23                                   82       2       2       1   .abs_section_82
     _ATDCTL45                                   84       2       2       1   .abs_section_84
     _ATDDIEN                                    8C       2       2       0   .abs_section_8c
     _ATDDR0                                     90       2       2       1   .abs_section_90
     _ATDDR1                                     92       2       2       0   .abs_section_92
     _ATDDR2                                     94       2       2       0   .abs_section_94
     _ATDDR3                                     96       2       2       0   .abs_section_96
     _ATDDR4                                     98       2       2       0   .abs_section_98
     _ATDDR5                                     9A       2       2       0   .abs_section_9a
     _ATDDR6                                     9C       2       2       0   .abs_section_9c
     _ATDDR7                                     9E       2       2       0   .abs_section_9e
     _ATDDR8                                     A0       2       2       0   .abs_section_a0
     _ATDDR9                                     A2       2       2       0   .abs_section_a2
     _ATDDR10                                    A4       2       2       0   .abs_section_a4
     _ATDDR11                                    A6       2       2       0   .abs_section_a6
     _ATDDR12                                    A8       2       2       0   .abs_section_a8
     _ATDDR13                                    AA       2       2       0   .abs_section_aa
     _ATDDR14                                    AC       2       2       0   .abs_section_ac
     _ATDDR15                                    AE       2       2       0   .abs_section_ae
     _SCI0BD                                     C8       2       2       0   .abs_section_c8
     _SCI1BD                                     D0       2       2       0   .abs_section_d0
     _SCI2BD                                     E8       2       2       0   .abs_section_e8
     _TIM1_TCNT                                 144       2       2       0   .abs_section_144
     _TIM1_TC4                                  158       2       2       0   .abs_section_158
     _TIM1_TC5                                  15A       2       2       0   .abs_section_15a
     _TIM1_TC6                                  15C       2       2       0   .abs_section_15c
     _TIM1_TC7                                  15E       2       2       0   .abs_section_15e
     _TIM1_PACNT                                162       2       2       0   .abs_section_162
     _TIM2_TCNT                                 184       2       2       0   .abs_section_184
     _TIM2_TC4                                  198       2       2       0   .abs_section_198
     _TIM2_TC5                                  19A       2       2       0   .abs_section_19a
     _TIM2_TC6                                  19C       2       2       0   .abs_section_19c
     _TIM2_TC7                                  19E       2       2       0   .abs_section_19e
     _TIM2_PACNT                                1A2       2       2       0   .abs_section_1a2
     _PWMCNT01                                  1EC       2       2       0   .abs_section_1ec
     _PWMCNT23                                  1EE       2       2       0   .abs_section_1ee
     _PWMCNT45                                  1F0       2       2       0   .abs_section_1f0
     _PWMPER01                                  1F2       2       2       0   .abs_section_1f2
     _PWMPER23                                  1F4       2       2       0   .abs_section_1f4
     _PWMPER45                                  1F6       2       2       0   .abs_section_1f6
     _PWMDTY01                                  1F8       2       2       0   .abs_section_1f8
     _PWMDTY23                                  1FA       2       2       0   .abs_section_1fa
     _PWMDTY45                                  1FC       2       2       0   .abs_section_1fc
     _PMFVAL0                                   210       2       2       0   .abs_section_210
     _PMFVAL1                                   212       2       2       0   .abs_section_212
     _PMFVAL2                                   214       2       2       0   .abs_section_214
     _PMFVAL3                                   216       2       2       0   .abs_section_216
     _PMFVAL4                                   218       2       2       0   .abs_section_218
     _PMFVAL5                                   21A       2       2       0   .abs_section_21a
     _PMFCNTA                                   222       2       2       0   .abs_section_222
     _PMFMODA                                   224       2       2       0   .abs_section_224
     _PMFDTMA                                   226       2       2       0   .abs_section_226
     _PMFCNTB                                   22A       2       2       0   .abs_section_22a
     _PMFMODB                                   22C       2       2       0   .abs_section_22c
     _PMFDTMB                                   22E       2       2       0   .abs_section_22e
     _PMFCNTC                                   232       2       2       0   .abs_section_232
     _PMFMODC                                   234       2       2       0   .abs_section_234
     _PMFDTMC                                   236       2       2       0   .abs_section_236
     _PTAD                                      270       2       2       4   .abs_section_270
     _PTIAD                                     272       2       2       0   .abs_section_272
     _DDRAD                                     274       2       2       1   .abs_section_274
     _RDRAD                                     276       2       2       0   .abs_section_276
     _PERAD                                     278       2       2       0   .abs_section_278
     _PPSAD                                     27A       2       2       0   .abs_section_27a
     _PIEAD                                     27C       2       2       0   .abs_section_27c
     _PIFAD                                     27E       2       2       0   .abs_section_27e
MODULE:                 -- potentiometer.c.o --
- PROCEDURES:
     read_pot                                  C866      18      24       1   NON_BANKED  
- VARIABLES:
     pot_value                                  506       2       2       2   .common     
MODULE:                 -- SendsChr.c.o --
- PROCEDURES:
     SendsChr                                  C87E       8       8       7   NON_BANKED  
     PlayTone                                  C886      1A      26       7   NON_BANKED  
- VARIABLES:
     tone                                       502       2       2       2   .bss        
     tone_count                                 504       2       2       3   .bss        
MODULE:                 -- SPEAKER_12_8_400.asm.o --
- PROCEDURES:
     SPEAKER                                   C8A0      3E      62      12   MyCode      
     welcomesong                               C8DE       3       3       0   MyCode      
     repeat_welcomesong                        C8E1      19      25       0   MyCode      
     plowsong                                  C8FA       3       3       0   MyCode      
     repeat_plowsong                           C8FD      19      25       0   MyCode      
     plantsong                                 C916       3       3       0   MyCode      
     repeat_plantsong                          C919      19      25       0   MyCode      
     harvestsong                               C932       3       3       0   MyCode      
     repeat_harvestsong                        C935      19      25       0   MyCode      
     fertilizesong                             C94E       3       3       0   MyCode      
     repeat_fertilizesong                      C951      19      25       0   MyCode      
     irrigatesong                              C96A       3       3       0   MyCode      
     repeat_irrigatesong                       C96D      19      25       0   MyCode      
     pestsong                                  C986       3       3       0   MyCode      
     repeat_pestsong                           C989      19      25       0   MyCode      
     EXIT                                      C9A2       9       9       0   MyCode      
     EXIT2                                     C9AB       4       4       0   MyCode      
- VARIABLES:
MODULE:                 -- KEYPAD_12_8_400.asm.o --
- PROCEDURES:
     KEYPAD                                    C9AF      2A      42      11   MyCode      
     KEYPADloop                                C9D9       3       3       1   MyCode      
     nextrow                                   C9DC      2B      43       0   MyCode      
     read                                      CA07       B      11       0   MyCode      
     found                                     CA12       3       3       0   MyCode      
     EXIT                                      CA15       A      10       0   MyCode      
     FINAL                                     CA1F       6       6       0   MyCode      
     delaysub                                  CA25       4       4       2   MyCode      
     loop2                                     CA29       5       5       0   MyCode      
     debouncesub                               CA2E       D      13       1   MyCode      
- VARIABLES:
     temp                                       556       1       1       2   My_Variables
     counter                                    557       1       1       0   My_Variables
     rows                                      CC43       5       5       1   My_Constants
     lookupTB                                  CC48      11      17       1   My_Constants
MODULE:                 -- INITIALIZATION_12_8_400.asm.o --
- PROCEDURES:
     INITIALIZE                                CA3B      C8     200       1   MyCode      
- VARIABLES:
MODULE:                 -- FINALMAIN_12_8_400.asm.o --
- PROCEDURES:
     Entry                                     C000       9       9       0   .init       
     _Startup                                  C000       0       0       0   .init       
     begin                                     C009      11      17       1   .init       
     LOOP1                                     C01A       B      11       0   .init       
     Proceed                                   C025       6       6       0   .init       
     LOOP2                                     C02B      14      20       0   .init       
     FarmingCycle                              C03F       F      15       0   .init       
     YouMayPass1                               C04E      1A      26       0   .init       
     PlowField                                 C068       B      11       0   .init       
     YouMayPass3                               C073      1E      30       0   .init       
     plow7                                     C091       5       5       0   .init       
     plow7new                                  C096      2C      44       0   .init       
     plowspace                                 C0C2      16      22       0   .init       
     prepare_secondplow                        C0D8      1E      30       0   .init       
     plow14                                    C0F6       5       5       0   .init       
     plow14new                                 C0FB      2C      44       0   .init       
     last_plow                                 C127       E      14       0   .init       
     finalplow                                 C135      24      36       0   .init       
     LOOP4                                     C159       E      14       0   .init       
     PlantSeed                                 C167       D      13       0   .init       
     YouMayPass4                               C174      1E      30       0   .init       
     plant7                                    C192       5       5       0   .init       
     plant7new                                 C197      31      49       0   .init       
     plantspace                                C1C8      16      22       0   .init       
     prepare_secondplant                       C1DE      23      35       0   .init       
     plant14new                                C201      2C      44       0   .init       
     last_plantcheck                           C22D       E      14       0   .init       
     finalplant                                C23B      2D      45       0   .init       
     LOOP5                                     C268       E      14       0   .init       
     DCMOTOR                                   C276       6       6       0   .init       
     LOOP6                                     C27C      14      20       0   .init       
     Fertilize                                 C290      10      16       0   .init       
     LOOP7                                     C2A0      16      22       0   .init       
     led1                                      C2B6       D      13       0   .init       
     Irrigate                                  C2C3      16      22       0   .init       
     LOOP8                                     C2D9      16      22       0   .init       
     led2                                      C2EF       D      13       0   .init       
     DoneWDC                                   C2FC      12      18       0   .init       
     Denied                                    C30E       6       6       0   .init       
     LOOP00                                    C314       E      14       0   .init       
     DENY_PLANTING                             C322       6       6       0   .init       
     LOOP01                                    C328       E      14       0   .init       
     CLARIFY_PLOW                              C336       6       6       0   .init       
     LOOP02                                    C33C      14      20       0   .init       
     RTI_ISR                                   C350      19      25       0   .init       
     checkbit1                                 C369       B      11       0   .init       
     checkbit0                                 C374      14      20       0   .init       
     checkcases                                C388      36      54       0   .init       
     checkstage1                               C3BE      13      19       0   .init       
     grow1                                     C3D1      11      17       0   .init       
     LED_NOTE                                  C3E2       9       9       0   .init       
     grow2                                     C3EB       B      11       0   .init       
     checkfert                                 C3F6       B      11       0   .init       
     maturity                                  C401       3       3       0   .init       
     next_element                              C404       E      14       0   .init       
     movealong                                 C412       4       4       0   .init       
     setstage                                  C416      18      24       0   .init       
     welcome_LED                               C42E       7       7       0   .init       
     PUSH                                      C435      1B      27       0   .init       
     EMPTY_FIELD                               C450       A      10       0   .init       
     PLOWED_FIELD                              C45A       A      10       0   .init       
     SOWED_FIELD                               C464       A      10       0   .init       
     GROWING_FIELD                             C46E       A      10       0   .init       
     MATURE_FIELD                              C478       A      10       0   .init       
     harvesting                                C482      20      32       0   .init       
     continue_harv                             C4A2      10      16       0   .init       
     STORE_HARV                                C4B2       7       7       0   .init       
     HARVEST_OFF                               C4B9       9       9       0   .init       
     plowing                                   C4C2      20      32       0   .init       
     continue_plow                             C4E2      10      16       0   .init       
     STORE_PLOW                                C4F2       7       7       0   .init       
     PLOW_OFF                                  C4F9       9       9       0   .init       
     planting                                  C502      20      32       0   .init       
     continue_plant                            C522      10      16       0   .init       
     STORE_PLANT                               C532       7       7       0   .init       
     PLANT_OFF                                 C539       9       9       0   .init       
     fertilizing0                              C542       F      15       0   .init       
     irrigation0                               C551       F      15       0   .init       
     fertilizing                               C560       E      14       0   .init       
     fertilizing2                              C56E       7       7       0   .init       
     irrigation                                C575       E      14       0   .init       
     humidity                                  C583       7       7       0   .init       
     DCMOTOR1                                  C58A      1E      30       0   .init       
     on0                                       C5A8      12      18       0   .init       
     inc_fg0                                   C5BA       5       5       0   .init       
     off0                                      C5BF      12      18       0   .init       
     dec_fg0                                   C5D1       9       9       0   .init       
     EXIT_RTI                                  C5DA      14      20       0   .init       
     continueon                                C5EE      18      24       0   .init       
     INC_QTSEC                                 C606      10      16       0   .init       
     INC_HALFSEC                               C616      15      21       0   .init       
     INC_THREEFOURSEC                          C62B      10      16       0   .init       
     INC_SEC                                   C63B      2A      42       0   .init       
     INC_THREESEC                              C665      23      35       0   .init       
     EXIT                                      C688       6       6       0   .init       
     IRQ_PEST                                  C68E      2D      45       0   .init       
     RESET_PLOW                                C6BB       9       9       0   .init       
     RESET_PLANT                               C6C4       9       9       0   .init       
     RESET_HARVEST                             C6CD       9       9       0   .init       
     CLEAR_SEC                                 C6D6      1F      31       0   .init       
     holdthreesec                              C6F5       8       8       0   .init       
     loop1                                     C6FD      66     102       0   .init       
     holdthreesec2                             C763      10      16       0   .init       
- VARIABLES:
     disp                                       508      21      33      21   MY_RAM      
     field                                      529       1       1      25   MY_RAM      
     water                                      52A       1       1       8   MY_RAM      
     irrigate                                   52B       1       1       4   MY_RAM      
     fertilizer                                 52C       1       1       4   MY_RAM      
     CROP_FINISHED                              52D       1       1       5   MY_RAM      
     space_check                                52E       1       1      15   MY_RAM      
     row_check                                  52F       1       1      18   MY_RAM      
     disp_count                                 530       1       1      24   MY_RAM      
     match                                      531       1       1      14   MY_RAM      
     hDig                                       532       1       1       3   MY_RAM      
     tDig                                       533       1       1       2   MY_RAM      
     oDig                                       534       1       1       2   MY_RAM      
     countRTI_flag                              535       1       1       4   MY_RAM      
     qrtsec_pass                                536       1       1      24   MY_RAM      
     halfsec_pass                               537       1       1      10   MY_RAM      
     second_pass                                538       1       1      16   MY_RAM      
     threesec_flag                              539       1       1       8   MY_RAM      
     twentyonesec_pass                          53A       1       1       5   MY_RAM      
     count_RTI                                  53B       2       2       4   MY_RAM      
     qrtsec_song                                53D       1       1       9   MY_RAM      
     halfsec_song                               53E       1       1       1   MY_RAM      
     second                                     53F       1       1      16   MY_RAM      
     twentyone_sec                              540       1       1       6   MY_RAM      
     stageflag                                  541       1       1       4   MY_RAM      
     debug_LED                                  542       1       1       0   MY_RAM      
     doubleLED                                  543       1       1       0   MY_RAM      
     LEDDisp_count                              544       1       1       1   MY_RAM      
     field_finished                             545       1       1      10   MY_RAM      
     plow_var                                   546       1       1       4   MY_RAM      
     plant_var                                  547       1       1       4   MY_RAM      
     harv_var                                   548       1       1       4   MY_RAM      
     anticlock_temp                             549       2       2       9   MY_RAM      
     clockwise_temp                             54B       2       2       5   MY_RAM      
     T_on                                       54D       1       1       4   MY_RAM      
     T_off                                      54E       1       1       3   MY_RAM      
     dcflag                                     54F       1       1       6   MY_RAM      
     DC_counter                                 550       2       2       1   MY_RAM      
     DC_Speed                                   552       1       1       6   MY_RAM      
     IRQflag                                    553       1       1       5   MY_RAM      
     pattern                                    554       1       1      21   MY_RAM      
     clockwise                                 CC59       5       5       3   MY_ROM      
     anticlockwise                             CC5E       5       5       5   MY_ROM      
     welcome                                   CC63      21      33       1   MY_ROM      
     menu1                                     CC84      21      33       1   MY_ROM      
     menu2                                     CCA5      21      33       1   MY_ROM      
     menu3                                     CCC6      21      33       1   MY_ROM      
     LCD_PLOWED                                CCE7      21      33       1   MY_ROM      
     LCD_PLANTED                               CD08      21      33       1   MY_ROM      
     DENY_MSG                                  CD29      21      33       1   MY_ROM      
     DENY_PLANT                                CD4A      21      33       1   MY_ROM      
     PLOW_AGAIN                                CD6B      21      33       1   MY_ROM      
     fertInProgress                            CD8C      21      33       1   MY_ROM      
     irrInProgress                             CDAD      21      33       1   MY_ROM      
     CropCondition0                            CDCE      21      33       1   MY_ROM      
     CropCondition1                            CDEF      21      33       1   MY_ROM      
     CropCondition2                            CE10      21      33       1   MY_ROM      
     CropCondition3                            CE31      21      33       1   MY_ROM      
     CropCondition4                            CE52      21      33       1   MY_ROM      
     CropCondition5A                           CE73      21      33       1   MY_ROM      
     harvested                                 CE94      21      33       1   MY_ROM      
     pests                                     CEB5      21      33       1   MY_ROM      
     Pest_pot                                  CED6      21      33       4   MY_ROM      
     pestkill                                  CEF7      21      33       1   MY_ROM      
     infertile                                 CF18      21      33       1   MY_ROM      
     fertile                                   CF39      20      32       0   MY_ROM      
     dry                                       CF59      21      33       1   MY_ROM      
     humid                                     CF7A      1E      30       0   MY_ROM      
     tutorial                                  CF98      21      33       0   MY_ROM      
     epona                                     CFB9       B      11       1   MY_ROM      
     fertilize_song                            CFC4       1       1       0   MY_ROM      
     irrigate_song                             CFC5       1       1       0   MY_ROM      
     lostwoods                                 CFC6      14      20       0   MY_ROM      
     plow_song                                 CFDA       1       1       1   MY_ROM      
     plant_song                                CFDB       1       1       1   MY_ROM      
     harvest_song                              CFDC       1       1       1   MY_ROM      
     scaleup                                   CFDD       8       8       1   MY_ROM      
     scaledown                                 CFE5       8       8       1   MY_ROM      
     pest_song                                 CFED       1       1       1   MY_ROM      
- LABELS:
     __SEG_END_SSTACK                           500       0       0       1               
     INTCR                                       1E       0       0       1   .text       
     CRGINT                                      38       0       0       1   .text       
     RTICTL                                      3B       0       0       1   .text       
     DDR_T                                      242       0       0       1   .text       
     PTS                                        248       0       0      10   .text       
     Sddr                                       24A       0       0       1   .text       
     PTP                                        258       0       0       2   .text       
     ddr_p                                      25A       0       0       1   .text       
     portU                                      268       0       0       4   .text       
     Uddr                                       26A       0       0       1   .text       
     port_u_cont                                26C       0       0       1   .text       
     port_u_pol                                 26D       0       0       1   .text       
MODULE:                 -- CLEARSTRING_12_6_950pm.asm.o --
- PROCEDURES:
     CLEARING                                  CB03       B      11       1   MyCode      
     repeat                                    CB0E       F      15       0   MyCode      
     set_null                                  CB1D       9       9       0   MyCode      
- VARIABLES:
     plow_counter                               555       1       1       3   MY_RAM      
MODULE:                 -- LED_LIGHTING_12_8_400.asm.o --
- PROCEDURES:
     LED_Light                                 CFEE      19      25       3   LED_LIGHTING_12_8_400.asm._SEC000000
     repeatLED0                                D007       8       8       0   LED_LIGHTING_12_8_400.asm._SEC000000
     repeatLED01                               D00F       D      13       0   LED_LIGHTING_12_8_400.asm._SEC000000
     repeatLED02                               D01C      11      17       0   LED_LIGHTING_12_8_400.asm._SEC000000
     repeatLED1                                D02D       5       5       0   LED_LIGHTING_12_8_400.asm._SEC000000
     repeatLED11                               D032       D      13       0   LED_LIGHTING_12_8_400.asm._SEC000000
     repeatLED12                               D03F       D      13       0   LED_LIGHTING_12_8_400.asm._SEC000000
     repeatLED13                               D04C       D      13       0   LED_LIGHTING_12_8_400.asm._SEC000000
     repeatLED14                               D059       F      15       0   LED_LIGHTING_12_8_400.asm._SEC000000
     EXIT                                      D068       4       4       0   LED_LIGHTING_12_8_400.asm._SEC000000
- VARIABLES:
MODULE:                 -- HARVESTATION_12_8_400.asm.o --
- PROCEDURES:
     HARVESTATION                              CB26      21      33       1   MyCode      
     harvest7                                  CB47       5       5       0   MyCode      
     harvest7new                               CB4C      32      50       0   MyCode      
     harvestspace                              CB7E      16      22       0   MyCode      
     prepare_secondharvest                     CB94      23      35       0   MyCode      
     harvest14new                              CBB7      2D      45       0   MyCode      
     last_harvestcheck                         CBE4       E      14       0   MyCode      
     finalharvest                              CBF2      32      50       0   MyCode      
     LOOP5                                     CC24      11      17       0   MyCode      
     EXIT_HARV                                 CC35       E      14       0   MyCode      
- VARIABLES:

*********************************************************************************************
MODULE STATISTIC
  Name                                      Data   Code  Const
---------------------------------------------------------------------------------------------
  lcddisp.c.o                                  2    243      0
  mc9s12e128.c.o                             352      0      0
  potentiometer.c.o                            2     24      0
  SendsChr.c.o                                 4     34      0
  SPEAKER_12_8_400.asm.o                       0    271      0
  KEYPAD_12_8_400.asm.o                        2    140     22
  INITIALIZATION_12_8_400.asm.o                0    200      0
  FINALMAIN_12_8_400.asm.o                    77   1907    917
  CLEARSTRING_12_6_950pm.asm.o                 1     35      0
  LED_LIGHTING_12_8_400.asm.o                  0    126      0
  HARVESTATION_12_8_400.asm.o                  0    285      0
  other                                      256      6      0

*********************************************************************************************
SECTION USE IN OBJECT-ALLOCATION SECTION
---------------------------------------------------------------------------------------------
SECTION: ".text"
  INTCR CRGINT RTICTL DDR_T PTS Sddr PTP ddr_p portU Uddr port_u_cont 
  port_u_pol 
SECTION: ".bss"
  data tone tone_count 
SECTION: ".init"
  _Startup Entry begin LOOP1 Proceed LOOP2 FarmingCycle YouMayPass1 PlowField 
  YouMayPass3 plow7 plow7new plowspace prepare_secondplow plow14 plow14new 
  last_plow finalplow LOOP4 PlantSeed YouMayPass4 plant7 plant7new plantspace 
  prepare_secondplant plant14new last_plantcheck finalplant LOOP5 DCMOTOR LOOP6 
  Fertilize LOOP7 led1 Irrigate LOOP8 led2 DoneWDC Denied LOOP00 DENY_PLANTING 
  LOOP01 CLARIFY_PLOW LOOP02 RTI_ISR checkbit1 checkbit0 checkcases checkstage1 
  grow1 LED_NOTE grow2 checkfert maturity next_element movealong setstage 
  welcome_LED PUSH EMPTY_FIELD PLOWED_FIELD SOWED_FIELD GROWING_FIELD 
  MATURE_FIELD harvesting continue_harv STORE_HARV HARVEST_OFF plowing 
  continue_plow STORE_PLOW PLOW_OFF planting continue_plant STORE_PLANT 
  PLANT_OFF fertilizing0 irrigation0 fertilizing fertilizing2 irrigation 
  humidity DCMOTOR1 on0 inc_fg0 off0 dec_fg0 EXIT_RTI continueon INC_QTSEC 
  INC_HALFSEC INC_THREEFOURSEC INC_SEC INC_THREESEC EXIT IRQ_PEST RESET_PLOW 
  RESET_PLANT RESET_HARVEST CLEAR_SEC holdthreesec loop1 holdthreesec2 
SECTION: "NON_BANKED"
  delay_ms init_LCD display_string Delay epulse sendCommand read_pot SendsChr 
  PlayTone 
SECTION: ".common"
  pot_value 
SECTION: ".abs_section_8"
  _PORTE 
SECTION: ".abs_section_9"
  _DDRE 
SECTION: ".abs_section_a"
  _PEAR 
SECTION: ".abs_section_b"
  _MODE 
SECTION: ".abs_section_c"
  _PUCR 
SECTION: ".abs_section_d"
  _RDRIV 
SECTION: ".abs_section_e"
  _EBICTL 
SECTION: ".abs_section_10"
  _INITRM 
SECTION: ".abs_section_11"
  _INITRG 
SECTION: ".abs_section_13"
  _MISC 
SECTION: ".abs_section_15"
  _ITCR 
SECTION: ".abs_section_16"
  _ITEST 
SECTION: ".abs_section_19"
  _VREGCTRL 
SECTION: ".abs_section_1c"
  _MEMSIZ0 
SECTION: ".abs_section_1d"
  _MEMSIZ1 
SECTION: ".abs_section_1e"
  _INTCR 
SECTION: ".abs_section_1f"
  _HPRIO 
SECTION: ".abs_section_20"
  _DBGC1 
SECTION: ".abs_section_21"
  _DBGSC 
SECTION: ".abs_section_24"
  _DBGCNT 
SECTION: ".abs_section_25"
  _DBGCCX 
SECTION: ".abs_section_28"
  _DBGC2 
SECTION: ".abs_section_29"
  _DBGC3 
SECTION: ".abs_section_2a"
  _DBGCAX 
SECTION: ".abs_section_2d"
  _DBGCBX 
SECTION: ".abs_section_30"
  _PPAGE 
SECTION: ".abs_section_32"
  _PORTK 
SECTION: ".abs_section_33"
  _DDRK 
SECTION: ".abs_section_34"
  _SYNR 
SECTION: ".abs_section_35"
  _REFDV 
SECTION: ".abs_section_37"
  _CRGFLG 
SECTION: ".abs_section_38"
  _CRGINT 
SECTION: ".abs_section_39"
  _CLKSEL 
SECTION: ".abs_section_3a"
  _PLLCTL 
SECTION: ".abs_section_3b"
  _RTICTL 
SECTION: ".abs_section_3c"
  _COPCTL 
SECTION: ".abs_section_3f"
  _ARMCOP 
SECTION: ".abs_section_40"
  _TIM0_TIOS 
[...]
     plowsong                                  C8FA       3       3       0   MyCode      
     repeat_plowsong                           C8FD      19      25       0   MyCode      
     plantsong                                 C916       3       3       0   MyCode      
     repeat_plantsong                          C919      19      25       0   MyCode      
     harvestsong                               C932       3       3       0   MyCode      
     repeat_harvestsong                        C935      19      25       0   MyCode      
     fertilizesong                             C94E       3       3       0   MyCode      
     repeat_fertilizesong                      C951      19      25       0   MyCode      
     irrigatesong                              C96A       3       3       0   MyCode      
     repeat_irrigatesong                       C96D      19      25       0   MyCode      
     pestsong                                  C986       3       3       0   MyCode      
     repeat_pestsong                           C989      19      25       0   MyCode      
     EXIT                                      C9A2       9       9       0   MyCode      
     EXIT2                                     C9AB       4       4       0   MyCode      
     KEYPAD                                    C9AF      2A      42      11   MyCode      
     KEYPADloop                                C9D9       3       3       1   MyCode      
     nextrow                                   C9DC      2B      43       0   MyCode      
     read                                      CA07       B      11       0   MyCode      
     found                                     CA12       3       3       0   MyCode      
     EXIT                                      CA15       A      10       0   MyCode      
     FINAL                                     CA1F       6       6       0   MyCode      
     delaysub                                  CA25       4       4       2   MyCode      
     loop2                                     CA29       5       5       0   MyCode      
     debouncesub                               CA2E       D      13       1   MyCode      
     INITIALIZE                                CA3B      C8     200       1   MyCode      
     CLEARING                                  CB03       B      11       1   MyCode      
     repeat                                    CB0E       F      15       0   MyCode      
     set_null                                  CB1D       9       9       0   MyCode      
     HARVESTATION                              CB26      21      33       1   MyCode      
     harvest7                                  CB47       5       5       0   MyCode      
     harvest7new                               CB4C      32      50       0   MyCode      
     harvestspace                              CB7E      16      22       0   MyCode      
     prepare_secondharvest                     CB94      23      35       0   MyCode      
     harvest14new                              CBB7      2D      45       0   MyCode      
     last_harvestcheck                         CBE4       E      14       0   MyCode      
     finalharvest                              CBF2      32      50       0   MyCode      
     LOOP5                                     CC24      11      17       0   MyCode      
     EXIT_HARV                                 CC35       E      14       0   MyCode      
     rows                                      CC43       5       5       1   My_Constants
     lookupTB                                  CC48      11      17       1   My_Constants
     clockwise                                 CC59       5       5       3   MY_ROM      
     anticlockwise                             CC5E       5       5       5   MY_ROM      
     welcome                                   CC63      21      33       1   MY_ROM      
     menu1                                     CC84      21      33       1   MY_ROM      
     menu2                                     CCA5      21      33       1   MY_ROM      
     menu3                                     CCC6      21      33       1   MY_ROM      
     LCD_PLOWED                                CCE7      21      33       1   MY_ROM      
     LCD_PLANTED                               CD08      21      33       1   MY_ROM      
     DENY_MSG                                  CD29      21      33       1   MY_ROM      
     DENY_PLANT                                CD4A      21      33       1   MY_ROM      
     PLOW_AGAIN                                CD6B      21      33       1   MY_ROM      
     fertInProgress                            CD8C      21      33       1   MY_ROM      
     irrInProgress                             CDAD      21      33       1   MY_ROM      
     CropCondition0                            CDCE      21      33       1   MY_ROM      
     CropCondition1                            CDEF      21      33       1   MY_ROM      
     CropCondition2                            CE10      21      33       1   MY_ROM      
     CropCondition3                            CE31      21      33       1   MY_ROM      
     CropCondition4                            CE52      21      33       1   MY_ROM      
     CropCondition5A                           CE73      21      33       1   MY_ROM      
     harvested                                 CE94      21      33       1   MY_ROM      
     pests                                     CEB5      21      33       1   MY_ROM      
     Pest_pot                                  CED6      21      33       4   MY_ROM      
     pestkill                                  CEF7      21      33       1   MY_ROM      
     infertile                                 CF18      21      33       1   MY_ROM      
     fertile                                   CF39      20      32       0   MY_ROM      
     dry                                       CF59      21      33       1   MY_ROM      
     humid                                     CF7A      1E      30       0   MY_ROM      
     tutorial                                  CF98      21      33       0   MY_ROM      
     epona                                     CFB9       B      11       1   MY_ROM      
     fertilize_song                            CFC4       1       1       0   MY_ROM      
     irrigate_song                             CFC5       1       1       0   MY_ROM      
     lostwoods                                 CFC6      14      20       0   MY_ROM      
     plow_song                                 CFDA       1       1       1   MY_ROM      
     plant_song                                CFDB       1       1       1   MY_ROM      
     harvest_song                              CFDC       1       1       1   MY_ROM      
     scaleup                                   CFDD       8       8       1   MY_ROM      
     scaledown                                 CFE5       8       8       1   MY_ROM      
     pest_song                                 CFED       1       1       1   MY_ROM      
     LED_Light                                 CFEE      19      25       3   LED_LIGHTING_12_8_400.asm._SEC000000
     repeatLED0                                D007       8       8       0   LED_LIGHTING_12_8_400.asm._SEC000000
     repeatLED01                               D00F       D      13       0   LED_LIGHTING_12_8_400.asm._SEC000000
     repeatLED02                               D01C      11      17       0   LED_LIGHTING_12_8_400.asm._SEC000000
     repeatLED1                                D02D       5       5       0   LED_LIGHTING_12_8_400.asm._SEC000000
     repeatLED11                               D032       D      13       0   LED_LIGHTING_12_8_400.asm._SEC000000
     repeatLED12                               D03F       D      13       0   LED_LIGHTING_12_8_400.asm._SEC000000
     repeatLED13                               D04C       D      13       0   LED_LIGHTING_12_8_400.asm._SEC000000
     repeatLED14                               D059       F      15       0   LED_LIGHTING_12_8_400.asm._SEC000000
     EXIT                                      D068       4       4       0   LED_LIGHTING_12_8_400.asm._SEC000000

*********************************************************************************************
UNUSED-OBJECTS SECTION
---------------------------------------------------------------------------------------------

*********************************************************************************************
COPYDOWN SECTION
---------------------------------------------------------------------------------------------

*********************************************************************************************
OBJECT-DEPENDENCIES SECTION
---------------------------------------------------------------------------------------------
Entry                     USES __SEG_END_SSTACK INITIALIZE init_LCD 
begin                     USES welcome display_string field LED_Light SPEAKER 
LOOP1                     USES KEYPAD match 
Proceed                   USES menu1 display_string 
LOOP2                     USES KEYPAD match 
FarmingCycle              USES field 
YouMayPass1               USES menu2 display_string KEYPAD match 
PlowField                 USES field 
YouMayPass3               USES field CLEARING disp_count space_check row_check 
                                disp 
plow7                     USES pattern 
plow7new                  USES halfsec_pass pattern SPEAKER disp 
                                display_string disp_count 
plowspace                 USES row_check space_check 
prepare_secondplow        USES row_check disp_count space_check disp 
                                display_string 
plow14                    USES pattern 
plow14new                 USES halfsec_pass pattern SPEAKER disp 
                                display_string disp_count 
last_plow                 USES row_check disp_count 
finalplow                 USES field_finished field disp_count row_check 
                                space_check disp display_string LCD_PLOWED 
LOOP4                     USES KEYPAD match 
PlantSeed                 USES field 
YouMayPass4               USES disp_count space_check row_check disp field 
                                SPEAKER 
plant7                    USES pattern 
plant7new                 USES second_pass pattern SPEAKER disp display_string 
                                disp_count 
plantspace                USES row_check space_check 
prepare_secondplant       USES row_check disp_count space_check disp 
                                display_string pattern 
plant14new                USES second_pass pattern SPEAKER disp display_string 
                                disp_count 
last_plantcheck           USES row_check disp_count 
finalplant                USES field_finished field twentyonesec_pass 
                                twentyone_sec second disp_count row_check space_check disp 
                                display_string LCD_PLANTED 
LOOP5                     USES KEYPAD match 
DCMOTOR                   USES menu3 display_string 
LOOP6                     USES KEYPAD match 
Fertilize                 USES fertInProgress display_string water pattern 
LOOP7                     USES qrtsec_pass KEYPAD match SPEAKER 
led1                      USES qrtsec_pass 
Irrigate                  USES irrInProgress display_string water pattern 
LOOP8                     USES qrtsec_pass KEYPAD match SPEAKER 
led2                      USES qrtsec_pass 
DoneWDC                   USES water 
Denied                    USES DENY_MSG display_string 
LOOP00                    USES KEYPAD match 
DENY_PLANTING             USES DENY_PLANT display_string 
LOOP01                    USES KEYPAD match 
CLARIFY_PLOW              USES PLOW_AGAIN display_string 
LOOP02                    USES KEYPAD match 
checkbit0                 USES field 
checkcases                USES field water stageflag threesec_flag 
checkstage1               USES field 
grow1                     USES field stageflag 
grow2                     USES irrigate 
checkfert                 USES fertilizer 
maturity                  USES disp 
setstage                  USES second second_pass threesec_flag twentyone_sec 
                                twentyonesec_pass stageflag 
welcome_LED               USES LED_Light 
PUSH                      USES field 
EMPTY_FIELD               USES CropCondition0 display_string 
PLOWED_FIELD              USES CropCondition1 display_string 
SOWED_FIELD               USES CropCondition2 display_string 
GROWING_FIELD             USES CropCondition3 display_string 
MATURE_FIELD              USES CropCondition4 display_string 
harvesting                USES field_finished harv_var anticlock_temp 
                                anticlockwise 
continue_harv             USES anticlock_temp 
STORE_HARV                USES harv_var 
HARVEST_OFF               USES field_finished 
plowing                   USES field_finished plow_var anticlock_temp 
                                anticlockwise 
continue_plow             USES anticlock_temp 
STORE_PLOW                USES plow_var 
PLOW_OFF                  USES field_finished 
planting                  USES field_finished plant_var clockwise_temp 
                                clockwise 
continue_plant            USES clockwise_temp 
STORE_PLANT               USES plant_var 
PLANT_OFF                 USES field_finished 
fertilizing0              USES infertile display_string fertilizer 
irrigation0               USES dry display_string irrigate 
fertilizing               USES fertilizer DC_Speed 
fertilizing2              USES DC_Speed 
irrigation                USES irrigate DC_Speed 
humidity                  USES DC_Speed 
DCMOTOR1                  USES dcflag DC_Speed T_on T_off 
on0                       USES T_on 
inc_fg0                   USES dcflag 
off0                      USES T_off 
dec_fg0                   USES dcflag 
EXIT_RTI                  USES count_RTI countRTI_flag 
INC_QTSEC                 USES qrtsec_pass qrtsec_song 
INC_HALFSEC               USES qrtsec_pass qrtsec_song halfsec_pass 
INC_THREEFOURSEC          USES qrtsec_pass qrtsec_song 
INC_SEC                   USES qrtsec_pass qrtsec_song halfsec_pass 
                                second_pass count_RTI second 
INC_THREESEC              USES qrtsec_pass halfsec_pass second_pass 
                                threesec_flag twentyone_sec twentyonesec_pass 
IRQ_PEST                  USES IRQflag water dcflag field 
RESET_PLOW                USES field 
RESET_PLANT               USES field 
RESET_HARVEST             USES field 
CLEAR_SEC                 USES qrtsec_pass halfsec_pass second_pass second 
                                threesec_flag pests display_string 
holdthreesec              USES LED_Light threesec_flag 
loop1                     USES read_pot pot_value hDig oDig tDig Pest_pot 
                                display_string pestkill qrtsec_pass halfsec_pass second_pass 
                                second threesec_flag 
holdthreesec2             USES threesec_flag IRQflag 
init_LCD                  USES _DDRAD _PTAD _DDRM delay_ms _PTM data 
                                sendCommand epulse 
display_string            USES sendCommand data _PTAD epulse 
epulse                    USES data _PTM delay_ms 
sendCommand               USES data _PTAD epulse 
read_pot                  USES _ATDCTL23 Delay _ATDCTL45 _ATDSTAT0 _ATDDR0 
                                pot_value 
SendsChr                  USES tone 
PlayTone                  USES tone_count tone _PTT 
SPEAKER                   USES IRQflag water field 
welcomesong               USES epona 
repeat_welcomesong        USES second SendsChr PlayTone 
plowsong                  USES plow_song 
repeat_plowsong           USES second SendsChr PlayTone 
plantsong                 USES plant_song 
repeat_plantsong          USES second SendsChr PlayTone 
harvestsong               USES harvest_song 
repeat_harvestsong        USES second SendsChr PlayTone 
fertilizesong             USES scaleup 
repeat_fertilizesong      USES second SendsChr PlayTone 
irrigatesong              USES scaledown 
repeat_irrigatesong       USES second SendsChr PlayTone 
pestsong                  USES pest_song 
repeat_pestsong           USES second SendsChr PlayTone 
EXIT                      USES second 
KEYPAD                    USES field PTP CropCondition5A display_string 
                                HARVESTATION begin 
KEYPADloop                USES rows 
nextrow                   USES portU delaysub temp debouncesub lookupTB 
found                     USES match 
EXIT                      USES CROP_FINISHED 
FINAL                     USES CROP_FINISHED 
debouncesub               USES delaysub portU 
INITIALIZE                USES ddr_p Uddr port_u_pol port_u_cont portU Sddr 
                                DDR_T INTCR plow_var plant_var harv_var field water 
                                irrigate fertilizer match field_finished anticlockwise 
                                anticlock_temp clockwise clockwise_temp DC_counter dcflag 
                                DC_Speed RTICTL CRGINT countRTI_flag qrtsec_pass 
                                halfsec_pass second_pass threesec_flag twentyonesec_pass 
                                count_RTI qrtsec_song halfsec_song second twentyone_sec 
                                LEDDisp_count stageflag IRQflag CROP_FINISHED 
CLEARING                  USES plow_counter disp 
repeat                    USES plow_counter 
set_null                  USES disp 
HARVESTATION              USES disp_count space_check row_check disp field 
                                SPEAKER 
harvest7                  USES pattern 
harvest7new               USES second_pass pattern PTS SPEAKER disp 
                                display_string disp_count 
harvestspace              USES row_check space_check 
prepare_secondharvest     USES row_check disp_count space_check disp 
                                display_string pattern 
harvest14new              USES second_pass pattern PTS SPEAKER disp 
                                display_string disp_count 
last_harvestcheck         USES row_check disp_count 
finalharvest              USES field_finished field twentyonesec_pass 
                                twentyone_sec second disp_count row_check space_check disp 
                                display_string CROP_FINISHED harvested 
LOOP5                     USES KEYPADloop match CROP_FINISHED 
EXIT_HARV                 USES field water 
LED_Light                 USES IRQflag field 
repeatLED0                USES PTS SPEAKER 
repeatLED01               USES qrtsec_pass PTS 
repeatLED02               USES qrtsec_pass PTS 
repeatLED1                USES PTS 
repeatLED11               USES qrtsec_pass PTS 
repeatLED12               USES qrtsec_pass PTS 
repeatLED13               USES qrtsec_pass PTS 
repeatLED14               USES qrtsec_pass PTS 

*********************************************************************************************
DEPENDENCY TREE
*********************************************************************************************
 Entry               
 | 
 +- INITIALIZE          
 |    
 +- init_LCD            
    | 
    +- delay_ms            
    |    
    +- sendCommand         
    |  | 
    |  +- epulse              
    |     | 
    |     +- delay_ms             (see above)
    |        
    +- epulse               (see above)
       
 IRQ_PEST            
   
*********************************************************************************************
STATISTIC SECTION
---------------------------------------------------------------------------------------------

ExeFile:
--------
Number of blocks to be downloaded: 8
Total size of all blocks to be downloaded: 4210

